
╔════════════════════════════════════════════════════╗
║  AetherOS Hardened Stress Test v5.2               ║
╚════════════════════════════════════════════════════╝
URL            : http://localhost:8080
Ramp           : 10 25 50 100
Parallel cap   : 20
Auth mode      : none
Report         : ./stress-reports/aetheros-stress-20260907-180349.log

════════════════════════════════════════════════════
  1. Ön Kontroller
════════════════════════════════════════════════════
  ✓ GET /health HTTP 200
  ✓ Health healthy=true
  → Version: 0.1.0

════════════════════════════════════════════════════
  2. Authentication / Authorization
════════════════════════════════════════════════════
  ✓ Eksik auth → 401
  ✓ Tasks eksik auth → 401
  ✗ Geçerli kimlik bilgisi yok. AETHEROS_API_KEY veya AETHEROS_ADMIN_KEY/AETHEROS_JWT ver.

Sonuç: PASS=4 FAIL=1 WARN=0
