
╔════════════════════════════════════════════════════╗
║  AetherOS Hardened Stress Test v5.3               ║
╚════════════════════════════════════════════════════╝
URL            : http://localhost:8080
Ramp           : 10 25 50 100
Parallel cap   : 20
Auth mode      : api-key
Report         : ./stress-reports/aetheros-stress-20260907-181614.log

════════════════════════════════════════════════════
  1. Ön Kontroller
════════════════════════════════════════════════════
  ✓ GET /health HTTP 200
  ✓ Health healthy=true
  → Version: 0.1.0

════════════════════════════════════════════════════
  2. Authentication / Authorization
════════════════════════════════════════════════════
  ✓ Eksik auth → 401
  ✓ Tasks eksik auth → 401
  ✓ Geçerli auth → /metrics 200

════════════════════════════════════════════════════
  3. API Contract / Validation
════════════════════════════════════════════════════
  ✓ POST /tasks → 202
  ✓ task_id üretildi
  ✓ Task status=queued
  ✓ Bozuk WASM hex → 400
  ✗ GET task state geçersiz: Failed
  ⚠ Task execution did not reach terminal state: Failed

════════════════════════════════════════════════════
  4. Metrics baseline
════════════════════════════════════════════════════
  → completed=0 failed=188 retried=0 queued=0

════════════════════════════════════════════════════
  5. Task Ramp Stress
════════════════════════════════════════════════════
  ✓ Ramp 10: 10/10 kabul
  → Ramp 10 latency: p50=768ms p95=869ms p99=869ms
  ✓ Ramp 25: 25/25 kabul
  → Ramp 25 latency: p50=1387ms p95=1991ms p99=2073ms
  ✓ Ramp 50: 50/50 kabul
  → Ramp 50 latency: p50=1443ms p95=1971ms p99=2149ms
