
╔════════════════════════════════════════════════════╗
║  AetherOS Hardened Stress Test v5.4               ║
╚════════════════════════════════════════════════════╝
URL            : http://localhost:8080
Ramp           : 10 25 50
Parallel cap   : 6
Auth mode      : api-key
Report         : ./stress-reports/aetheros-stress-20260907-182925.log
  → Termux/mobile-safe mode: parallel=6, cooldown=2s
  → Mobil koruması: 50 üzeri rampalar varsayılan olarak atlandı (ALLOW_MOBILE_100=1 ile açılır).

════════════════════════════════════════════════════
  1. Ön Kontroller
════════════════════════════════════════════════════
  ✓ GET /health HTTP 200
  ✓ Health healthy=true
  → Version: 0.1.0

════════════════════════════════════════════════════
  2. Authentication / Authorization
════════════════════════════════════════════════════
  ✗ Eksik auth beklenen 401 değil
  ✗ Tasks eksik auth beklenen 401 değil
  ✗ Geçerli auth → /metrics HTTP 000
  → Bu noktada 401 alırsan test payload'ı değil, sunucudaki AETHEROS_API_KEYS ile testteki key eşleşmiyor.
