
╔════════════════════════════════════════════════════╗
║  AetherOS Hardened Stress Test v5.2               ║
╚════════════════════════════════════════════════════╝
URL            : http://localhost:8080
Ramp           : 10 25 50 100
Parallel cap   : 20
Auth mode      : api-key
Report         : ./stress-reports/aetheros-stress-20260907-180845.log

════════════════════════════════════════════════════
  1. Ön Kontroller
════════════════════════════════════════════════════
  ✓ GET /health HTTP 200
  ✓ Health healthy=true
  → Version: 0.1.0

════════════════════════════════════════════════════
  2. Authentication / Authorization
════════════════════════════════════════════════════
  ✓ Eksik auth → 401
  ✓ Tasks eksik auth → 401
  ✓ Geçerli auth → /metrics 200

════════════════════════════════════════════════════
  3. API Contract / Validation
════════════════════════════════════════════════════
  ✓ POST /tasks → 202
  ✓ task_id üretildi
  ✓ Task status=queued
  ✓ Bozuk WASM hex → 400
  ✗ GET task state geçersiz: Failed

════════════════════════════════════════════════════
  4. Metrics baseline
════════════════════════════════════════════════════
  → completed=0 failed=1 retried=0 queued=0

════════════════════════════════════════════════════
  5. Task Ramp Stress
════════════════════════════════════════════════════
  ✓ Ramp 10: 10/10 kabul
  → Ramp 10 latency: p50=664ms p95=739ms p99=739ms
  ✓ Ramp 25: 25/25 kabul
  → Ramp 25 latency: p50=1386ms p95=1635ms p99=1966ms
  ✓ Ramp 50: 50/50 kabul
  → Ramp 50 latency: p50=1345ms p95=2012ms p99=2430ms
  ✓ Ramp 100: 100/100 kabul
  → Ramp 100 latency: p50=1497ms p95=1898ms p99=2021ms

════════════════════════════════════════════════════
  6. Resource Limit / Negative Tests
════════════════════════════════════════════════════
  → Büyük payload testi atlandı (ENABLE_LARGE_PAYLOAD=1 ile açılır).
  ✓ Task timeout >5dk → 400
  ✓ max_attempts >10 → 400

════════════════════════════════════════════════════
  7. Module Endpoint / RBAC
════════════════════════════════════════════════════
  ✓ Non-admin API key → POST /modules 403

════════════════════════════════════════════════════
  8. Cancellation / State
════════════════════════════════════════════════════
  ✓ Task cancel → 200
  ⚠ Cancel sonrası state=Cancelled

════════════════════════════════════════════════════
  9. Recovery / Health
════════════════════════════════════════════════════
  ✓ Ramp sonrası health healthy=true

════════════════════════════════════════════════════
  SONUÇ
════════════════════════════════════════════════════
  PASS=18  FAIL=1  WARN=1
  Rapor: ./stress-reports/aetheros-stress-20260907-180845.log
