
[1m[0;34m════════════════════════════════════════════════════[0m
[1m[0;34m  AetherOS Hardened Stress Test v5[0m
[1m[0;34m════════════════════════════════════════════════════[0m
URL            : http://localhost:8080
Ramp           : 10 25 50 100
Parallel cap   : 20
Latency samples: 100
Report         : ./stress-reports/aetheros-stress-20260907-164951.log

[1m[0;34m════════════════════════════════════════════════════[0m
[1m[0;34m  1. Ön Kontroller[0m
[1m[0;34m════════════════════════════════════════════════════[0m
  [0;32m✓[0m GET /health erişilebilir
  [0;32m✓[0m Health healthy (.healthy=true)
  [0;34m→[0m Version: 0.1.0
  [0;32m✓[0m Kimlik doğrulama hazır (api-key)

[1m[0;34m════════════════════════════════════════════════════[0m
[1m[0;34m  2. Authentication / Authorization[0m
[1m[0;34m════════════════════════════════════════════════════[0m
  [0;32m✓[0m Gerçekten eksik auth → 401
  [0;32m✓[0m Yanlış API key → 401

[1m[0;34m════════════════════════════════════════════════════[0m
[1m[0;34m  3. API Contract / Validation[0m
[1m[0;34m════════════════════════════════════════════════════[0m
  [0;31m✗[0m POST /tasks → beklenen 202, alınan 401
  [0;31m✗[0m task_id eksik
  [0;31m✗[0m Task status queued — beklenen .status=queued, alınan .status=null
  [0;31m✗[0m Bozuk WASM hex → 400 — beklenen 400, alınan 401
